Analysis & Elaboration report for mixed-iir-filter
Wed Aug 05 02:43:48 2020
Quartus Prime Version 20.1.0 Build 711 06/05/2020 SJ Lite Edition


---------------------
; Table of Contents ;
---------------------
  1. Legal Notice
  2. Analysis & Elaboration Summary
  3. Parallel Compilation
  4. Analysis & Elaboration IP Cores Summary
  5. Source assignments for top_pwm:DUT|rom:ROM|altsyncram:altsyncram_component|altsyncram_g5k1:auto_generated
  6. Parameter Settings for User Entity Instance: top_pwm:DUT|rom:ROM|altsyncram:altsyncram_component
  7. Parameter Settings for User Entity Instance: top_pwm:DUT|filter:LowPass
  8. Parameter Settings for User Entity Instance: top_pwm:DUT|filter:LowPass|adder:Adder0
  9. Parameter Settings for User Entity Instance: top_pwm:DUT|filter:LowPass|multiply:Multiply1
 10. Parameter Settings for User Entity Instance: top_pwm:DUT|filter:LowPass|adder:Adder1
 11. Parameter Settings for User Entity Instance: top_pwm:DUT|filter:LowPass|multiply:Multiply2
 12. Parameter Settings for User Entity Instance: top_pwm:DUT|filter:LowPass|multiply:Multiply3
 13. Parameter Settings for User Entity Instance: top_pwm:DUT|filter:LowPass|adder:Adder2
 14. Parameter Settings for User Entity Instance: top_pwm:DUT|filter:LowPass|adder:Adder3
 15. Parameter Settings for User Entity Instance: top_pwm:DUT|filter:HighPass
 16. Parameter Settings for User Entity Instance: top_pwm:DUT|filter:HighPass|adder:Adder0
 17. Parameter Settings for User Entity Instance: top_pwm:DUT|filter:HighPass|multiply:Multiply1
 18. Parameter Settings for User Entity Instance: top_pwm:DUT|filter:HighPass|adder:Adder1
 19. Parameter Settings for User Entity Instance: top_pwm:DUT|filter:HighPass|multiply:Multiply2
 20. Parameter Settings for User Entity Instance: top_pwm:DUT|filter:HighPass|multiply:Multiply3
 21. Parameter Settings for User Entity Instance: top_pwm:DUT|filter:HighPass|adder:Adder2
 22. Parameter Settings for User Entity Instance: top_pwm:DUT|filter:HighPass|adder:Adder3
 23. Parameter Settings for User Entity Instance: top_pwm:DUT|pwm:LowPWM
 24. Parameter Settings for User Entity Instance: top_pwm:DUT|pwm:HighPWM
 25. altsyncram Parameter Settings by Entity Instance
 26. Analysis & Elaboration Settings
 27. Port Connectivity Checks: "top_pwm:DUT|filter:HighPass"
 28. Port Connectivity Checks: "top_pwm:DUT|filter:LowPass|adder:Adder3"
 29. Port Connectivity Checks: "top_pwm:DUT|filter:LowPass|adder:Adder0"
 30. Port Connectivity Checks: "top_pwm:DUT|filter:LowPass"
 31. Port Connectivity Checks: "top_pwm:DUT"
 32. Analysis & Elaboration Messages



----------------
; Legal Notice ;
----------------
Copyright (C) 2020  Intel Corporation. All rights reserved.
Your use of Intel Corporation's design tools, logic functions 
and other software and tools, and any partner logic 
functions, and any output files from any of the foregoing 
(including device programming or simulation files), and any 
associated documentation or information are expressly subject 
to the terms and conditions of the Intel Program License 
Subscription Agreement, the Intel Quartus Prime License Agreement,
the Intel FPGA IP License Agreement, or other applicable license
agreement, including, without limitation, that your use is for
the sole purpose of programming logic devices manufactured by
Intel and sold by Intel or its authorized distributors.  Please
refer to the applicable agreement for further details, at
https://fpgasoftware.intel.com/eula.



+-----------------------------------------------------------------------------+
; Analysis & Elaboration Summary                                              ;
+-------------------------------+---------------------------------------------+
; Analysis & Elaboration Status ; Successful - Wed Aug 05 02:43:48 2020       ;
; Quartus Prime Version         ; 20.1.0 Build 711 06/05/2020 SJ Lite Edition ;
; Revision Name                 ; mixed-iir-filter                            ;
; Top-level Entity Name         ; top_pwm_test                                ;
; Family                        ; Cyclone V                                   ;
; Logic utilization (in ALMs)   ; N/A until Partition Merge                   ;
; Total registers               ; N/A until Partition Merge                   ;
; Total pins                    ; N/A until Partition Merge                   ;
; Total virtual pins            ; N/A until Partition Merge                   ;
; Total block memory bits       ; N/A until Partition Merge                   ;
; Total PLLs                    ; N/A until Partition Merge                   ;
; Total DLLs                    ; N/A until Partition Merge                   ;
+-------------------------------+---------------------------------------------+


+------------------------------------------+
; Parallel Compilation                     ;
+----------------------------+-------------+
; Processors                 ; Number      ;
+----------------------------+-------------+
; Number detected on machine ; 16          ;
; Maximum allowed            ; 16          ;
;                            ;             ;
; Average used               ; 1.00        ;
; Maximum used               ; 1           ;
;                            ;             ;
; Usage by Processor         ; % Time Used ;
;     Processor 1            ; 100.0%      ;
+----------------------------+-------------+


+----------------------------------------------------------------------------------------------------------------------+
; Analysis & Elaboration IP Cores Summary                                                                              ;
+--------+--------------+---------+--------------+--------------+-----------------------------------+------------------+
; Vendor ; IP Core Name ; Version ; Release Date ; License Type ; Entity Instance                   ; IP Include File  ;
+--------+--------------+---------+--------------+--------------+-----------------------------------+------------------+
; Altera ; ROM: 1-PORT  ; 20.1    ; N/A          ; N/A          ; |top_pwm_test|top_pwm:DUT|rom:ROM ; ../modules/rom.v ;
+--------+--------------+---------+--------------+--------------+-----------------------------------+------------------+


+-----------------------------------------------------------------------------------------------------------+
; Source assignments for top_pwm:DUT|rom:ROM|altsyncram:altsyncram_component|altsyncram_g5k1:auto_generated ;
+---------------------------------+--------------------+------+---------------------------------------------+
; Assignment                      ; Value              ; From ; To                                          ;
+---------------------------------+--------------------+------+---------------------------------------------+
; OPTIMIZE_POWER_DURING_SYNTHESIS ; NORMAL_COMPILATION ; -    ; -                                           ;
+---------------------------------+--------------------+------+---------------------------------------------+


+----------------------------------------------------------------------------------------------------------+
; Parameter Settings for User Entity Instance: top_pwm:DUT|rom:ROM|altsyncram:altsyncram_component         ;
+------------------------------------+----------------------------------------------------+----------------+
; Parameter Name                     ; Value                                              ; Type           ;
+------------------------------------+----------------------------------------------------+----------------+
; BYTE_SIZE_BLOCK                    ; 8                                                  ; Untyped        ;
; AUTO_CARRY_CHAINS                  ; ON                                                 ; AUTO_CARRY     ;
; IGNORE_CARRY_BUFFERS               ; OFF                                                ; IGNORE_CARRY   ;
; AUTO_CASCADE_CHAINS                ; ON                                                 ; AUTO_CASCADE   ;
; IGNORE_CASCADE_BUFFERS             ; OFF                                                ; IGNORE_CASCADE ;
; WIDTH_BYTEENA                      ; 1                                                  ; Untyped        ;
; OPERATION_MODE                     ; ROM                                                ; Untyped        ;
; WIDTH_A                            ; 23                                                 ; Signed Integer ;
; WIDTHAD_A                          ; 15                                                 ; Signed Integer ;
; NUMWORDS_A                         ; 20000                                              ; Signed Integer ;
; OUTDATA_REG_A                      ; UNREGISTERED                                       ; Untyped        ;
; ADDRESS_ACLR_A                     ; NONE                                               ; Untyped        ;
; OUTDATA_ACLR_A                     ; NONE                                               ; Untyped        ;
; WRCONTROL_ACLR_A                   ; NONE                                               ; Untyped        ;
; INDATA_ACLR_A                      ; NONE                                               ; Untyped        ;
; BYTEENA_ACLR_A                     ; NONE                                               ; Untyped        ;
; WIDTH_B                            ; 1                                                  ; Untyped        ;
; WIDTHAD_B                          ; 1                                                  ; Untyped        ;
; NUMWORDS_B                         ; 1                                                  ; Untyped        ;
; INDATA_REG_B                       ; CLOCK1                                             ; Untyped        ;
; WRCONTROL_WRADDRESS_REG_B          ; CLOCK1                                             ; Untyped        ;
; RDCONTROL_REG_B                    ; CLOCK1                                             ; Untyped        ;
; ADDRESS_REG_B                      ; CLOCK1                                             ; Untyped        ;
; OUTDATA_REG_B                      ; UNREGISTERED                                       ; Untyped        ;
; BYTEENA_REG_B                      ; CLOCK1                                             ; Untyped        ;
; INDATA_ACLR_B                      ; NONE                                               ; Untyped        ;
; WRCONTROL_ACLR_B                   ; NONE                                               ; Untyped        ;
; ADDRESS_ACLR_B                     ; NONE                                               ; Untyped        ;
; OUTDATA_ACLR_B                     ; NONE                                               ; Untyped        ;
; RDCONTROL_ACLR_B                   ; NONE                                               ; Untyped        ;
; BYTEENA_ACLR_B                     ; NONE                                               ; Untyped        ;
; WIDTH_BYTEENA_A                    ; 1                                                  ; Signed Integer ;
; WIDTH_BYTEENA_B                    ; 1                                                  ; Untyped        ;
; RAM_BLOCK_TYPE                     ; AUTO                                               ; Untyped        ;
; BYTE_SIZE                          ; 8                                                  ; Untyped        ;
; READ_DURING_WRITE_MODE_MIXED_PORTS ; DONT_CARE                                          ; Untyped        ;
; READ_DURING_WRITE_MODE_PORT_A      ; NEW_DATA_NO_NBE_READ                               ; Untyped        ;
; READ_DURING_WRITE_MODE_PORT_B      ; NEW_DATA_NO_NBE_READ                               ; Untyped        ;
; INIT_FILE                          ; A:/mixed-iir-filter/multisim/Acondicionamiento.mif ; Untyped        ;
; INIT_FILE_LAYOUT                   ; PORT_A                                             ; Untyped        ;
; MAXIMUM_DEPTH                      ; 0                                                  ; Untyped        ;
; CLOCK_ENABLE_INPUT_A               ; BYPASS                                             ; Untyped        ;
; CLOCK_ENABLE_INPUT_B               ; NORMAL                                             ; Untyped        ;
; CLOCK_ENABLE_OUTPUT_A              ; BYPASS                                             ; Untyped        ;
; CLOCK_ENABLE_OUTPUT_B              ; NORMAL                                             ; Untyped        ;
; CLOCK_ENABLE_CORE_A                ; USE_INPUT_CLKEN                                    ; Untyped        ;
; CLOCK_ENABLE_CORE_B                ; USE_INPUT_CLKEN                                    ; Untyped        ;
; ENABLE_ECC                         ; FALSE                                              ; Untyped        ;
; ECC_PIPELINE_STAGE_ENABLED         ; FALSE                                              ; Untyped        ;
; WIDTH_ECCSTATUS                    ; 3                                                  ; Untyped        ;
; DEVICE_FAMILY                      ; Cyclone V                                          ; Untyped        ;
; CBXI_PARAMETER                     ; altsyncram_g5k1                                    ; Untyped        ;
+------------------------------------+----------------------------------------------------+----------------+
Note: In order to hide this table in the UI and the text report file, please set the "Show Parameter Settings in Synthesis Report" option in "Analysis and Synthesis Settings -> More Settings" to "Off".


+-------------------------------------------------------------------------+
; Parameter Settings for User Entity Instance: top_pwm:DUT|filter:LowPass ;
+----------------+-------+------------------------------------------------+
; Parameter Name ; Value ; Type                                           ;
+----------------+-------+------------------------------------------------+
; WIDTH          ; 31    ; Signed Integer                                 ;
+----------------+-------+------------------------------------------------+
Note: In order to hide this table in the UI and the text report file, please set the "Show Parameter Settings in Synthesis Report" option in "Analysis and Synthesis Settings -> More Settings" to "Off".


+--------------------------------------------------------------------------------------+
; Parameter Settings for User Entity Instance: top_pwm:DUT|filter:LowPass|adder:Adder0 ;
+----------------+-------+-------------------------------------------------------------+
; Parameter Name ; Value ; Type                                                        ;
+----------------+-------+-------------------------------------------------------------+
; WIDTH          ; 31    ; Signed Integer                                              ;
+----------------+-------+-------------------------------------------------------------+
Note: In order to hide this table in the UI and the text report file, please set the "Show Parameter Settings in Synthesis Report" option in "Analysis and Synthesis Settings -> More Settings" to "Off".


+--------------------------------------------------------------------------------------------+
; Parameter Settings for User Entity Instance: top_pwm:DUT|filter:LowPass|multiply:Multiply1 ;
+----------------+-------+-------------------------------------------------------------------+
; Parameter Name ; Value ; Type                                                              ;
+----------------+-------+-------------------------------------------------------------------+
; WIDTH          ; 31    ; Signed Integer                                                    ;
+----------------+-------+-------------------------------------------------------------------+
Note: In order to hide this table in the UI and the text report file, please set the "Show Parameter Settings in Synthesis Report" option in "Analysis and Synthesis Settings -> More Settings" to "Off".


+--------------------------------------------------------------------------------------+
; Parameter Settings for User Entity Instance: top_pwm:DUT|filter:LowPass|adder:Adder1 ;
+----------------+-------+-------------------------------------------------------------+
; Parameter Name ; Value ; Type                                                        ;
+----------------+-------+-------------------------------------------------------------+
; WIDTH          ; 31    ; Signed Integer                                              ;
+----------------+-------+-------------------------------------------------------------+
Note: In order to hide this table in the UI and the text report file, please set the "Show Parameter Settings in Synthesis Report" option in "Analysis and Synthesis Settings -> More Settings" to "Off".


+--------------------------------------------------------------------------------------------+
; Parameter Settings for User Entity Instance: top_pwm:DUT|filter:LowPass|multiply:Multiply2 ;
+----------------+-------+-------------------------------------------------------------------+
; Parameter Name ; Value ; Type                                                              ;
+----------------+-------+-------------------------------------------------------------------+
; WIDTH          ; 31    ; Signed Integer                                                    ;
+----------------+-------+-------------------------------------------------------------------+
Note: In order to hide this table in the UI and the text report file, please set the "Show Parameter Settings in Synthesis Report" option in "Analysis and Synthesis Settings -> More Settings" to "Off".


+--------------------------------------------------------------------------------------------+
; Parameter Settings for User Entity Instance: top_pwm:DUT|filter:LowPass|multiply:Multiply3 ;
+----------------+-------+-------------------------------------------------------------------+
; Parameter Name ; Value ; Type                                                              ;
+----------------+-------+-------------------------------------------------------------------+
; WIDTH          ; 31    ; Signed Integer                                                    ;
+----------------+-------+-------------------------------------------------------------------+
Note: In order to hide this table in the UI and the text report file, please set the "Show Parameter Settings in Synthesis Report" option in "Analysis and Synthesis Settings -> More Settings" to "Off".


+--------------------------------------------------------------------------------------+
; Parameter Settings for User Entity Instance: top_pwm:DUT|filter:LowPass|adder:Adder2 ;
+----------------+-------+-------------------------------------------------------------+
; Parameter Name ; Value ; Type                                                        ;
+----------------+-------+-------------------------------------------------------------+
; WIDTH          ; 31    ; Signed Integer                                              ;
+----------------+-------+-------------------------------------------------------------+
Note: In order to hide this table in the UI and the text report file, please set the "Show Parameter Settings in Synthesis Report" option in "Analysis and Synthesis Settings -> More Settings" to "Off".


+--------------------------------------------------------------------------------------+
; Parameter Settings for User Entity Instance: top_pwm:DUT|filter:LowPass|adder:Adder3 ;
+----------------+-------+-------------------------------------------------------------+
; Parameter Name ; Value ; Type                                                        ;
+----------------+-------+-------------------------------------------------------------+
; WIDTH          ; 31    ; Signed Integer                                              ;
+----------------+-------+-------------------------------------------------------------+
Note: In order to hide this table in the UI and the text report file, please set the "Show Parameter Settings in Synthesis Report" option in "Analysis and Synthesis Settings -> More Settings" to "Off".


+--------------------------------------------------------------------------+
; Parameter Settings for User Entity Instance: top_pwm:DUT|filter:HighPass ;
+----------------+-------+-------------------------------------------------+
; Parameter Name ; Value ; Type                                            ;
+----------------+-------+-------------------------------------------------+
; WIDTH          ; 31    ; Signed Integer                                  ;
+----------------+-------+-------------------------------------------------+
Note: In order to hide this table in the UI and the text report file, please set the "Show Parameter Settings in Synthesis Report" option in "Analysis and Synthesis Settings -> More Settings" to "Off".


+---------------------------------------------------------------------------------------+
; Parameter Settings for User Entity Instance: top_pwm:DUT|filter:HighPass|adder:Adder0 ;
+----------------+-------+--------------------------------------------------------------+
; Parameter Name ; Value ; Type                                                         ;
+----------------+-------+--------------------------------------------------------------+
; WIDTH          ; 31    ; Signed Integer                                               ;
+----------------+-------+--------------------------------------------------------------+
Note: In order to hide this table in the UI and the text report file, please set the "Show Parameter Settings in Synthesis Report" option in "Analysis and Synthesis Settings -> More Settings" to "Off".


+---------------------------------------------------------------------------------------------+
; Parameter Settings for User Entity Instance: top_pwm:DUT|filter:HighPass|multiply:Multiply1 ;
+----------------+-------+--------------------------------------------------------------------+
; Parameter Name ; Value ; Type                                                               ;
+----------------+-------+--------------------------------------------------------------------+
; WIDTH          ; 31    ; Signed Integer                                                     ;
+----------------+-------+--------------------------------------------------------------------+
Note: In order to hide this table in the UI and the text report file, please set the "Show Parameter Settings in Synthesis Report" option in "Analysis and Synthesis Settings -> More Settings" to "Off".


+---------------------------------------------------------------------------------------+
; Parameter Settings for User Entity Instance: top_pwm:DUT|filter:HighPass|adder:Adder1 ;
+----------------+-------+--------------------------------------------------------------+
; Parameter Name ; Value ; Type                                                         ;
+----------------+-------+--------------------------------------------------------------+
; WIDTH          ; 31    ; Signed Integer                                               ;
+----------------+-------+--------------------------------------------------------------+
Note: In order to hide this table in the UI and the text report file, please set the "Show Parameter Settings in Synthesis Report" option in "Analysis and Synthesis Settings -> More Settings" to "Off".


+---------------------------------------------------------------------------------------------+
; Parameter Settings for User Entity Instance: top_pwm:DUT|filter:HighPass|multiply:Multiply2 ;
+----------------+-------+--------------------------------------------------------------------+
; Parameter Name ; Value ; Type                                                               ;
+----------------+-------+--------------------------------------------------------------------+
; WIDTH          ; 31    ; Signed Integer                                                     ;
+----------------+-------+--------------------------------------------------------------------+
Note: In order to hide this table in the UI and the text report file, please set the "Show Parameter Settings in Synthesis Report" option in "Analysis and Synthesis Settings -> More Settings" to "Off".


+---------------------------------------------------------------------------------------------+
; Parameter Settings for User Entity Instance: top_pwm:DUT|filter:HighPass|multiply:Multiply3 ;
+----------------+-------+--------------------------------------------------------------------+
; Parameter Name ; Value ; Type                                                               ;
+----------------+-------+--------------------------------------------------------------------+
; WIDTH          ; 31    ; Signed Integer                                                     ;
+----------------+-------+--------------------------------------------------------------------+
Note: In order to hide this table in the UI and the text report file, please set the "Show Parameter Settings in Synthesis Report" option in "Analysis and Synthesis Settings -> More Settings" to "Off".


+---------------------------------------------------------------------------------------+
; Parameter Settings for User Entity Instance: top_pwm:DUT|filter:HighPass|adder:Adder2 ;
+----------------+-------+--------------------------------------------------------------+
; Parameter Name ; Value ; Type                                                         ;
+----------------+-------+--------------------------------------------------------------+
; WIDTH          ; 31    ; Signed Integer                                               ;
+----------------+-------+--------------------------------------------------------------+
Note: In order to hide this table in the UI and the text report file, please set the "Show Parameter Settings in Synthesis Report" option in "Analysis and Synthesis Settings -> More Settings" to "Off".


+---------------------------------------------------------------------------------------+
; Parameter Settings for User Entity Instance: top_pwm:DUT|filter:HighPass|adder:Adder3 ;
+----------------+-------+--------------------------------------------------------------+
; Parameter Name ; Value ; Type                                                         ;
+----------------+-------+--------------------------------------------------------------+
; WIDTH          ; 31    ; Signed Integer                                               ;
+----------------+-------+--------------------------------------------------------------+
Note: In order to hide this table in the UI and the text report file, please set the "Show Parameter Settings in Synthesis Report" option in "Analysis and Synthesis Settings -> More Settings" to "Off".


+---------------------------------------------------------------------+
; Parameter Settings for User Entity Instance: top_pwm:DUT|pwm:LowPWM ;
+----------------+-------+--------------------------------------------+
; Parameter Name ; Value ; Type                                       ;
+----------------+-------+--------------------------------------------+
; N              ; 6     ; Signed Integer                             ;
+----------------+-------+--------------------------------------------+
Note: In order to hide this table in the UI and the text report file, please set the "Show Parameter Settings in Synthesis Report" option in "Analysis and Synthesis Settings -> More Settings" to "Off".


+----------------------------------------------------------------------+
; Parameter Settings for User Entity Instance: top_pwm:DUT|pwm:HighPWM ;
+----------------+-------+---------------------------------------------+
; Parameter Name ; Value ; Type                                        ;
+----------------+-------+---------------------------------------------+
; N              ; 6     ; Signed Integer                              ;
+----------------+-------+---------------------------------------------+
Note: In order to hide this table in the UI and the text report file, please set the "Show Parameter Settings in Synthesis Report" option in "Analysis and Synthesis Settings -> More Settings" to "Off".


+-------------------------------------------------------------------------------------------------+
; altsyncram Parameter Settings by Entity Instance                                                ;
+-------------------------------------------+-----------------------------------------------------+
; Name                                      ; Value                                               ;
+-------------------------------------------+-----------------------------------------------------+
; Number of entity instances                ; 1                                                   ;
; Entity Instance                           ; top_pwm:DUT|rom:ROM|altsyncram:altsyncram_component ;
;     -- OPERATION_MODE                     ; ROM                                                 ;
;     -- WIDTH_A                            ; 23                                                  ;
;     -- NUMWORDS_A                         ; 20000                                               ;
;     -- OUTDATA_REG_A                      ; UNREGISTERED                                        ;
;     -- WIDTH_B                            ; 1                                                   ;
;     -- NUMWORDS_B                         ; 1                                                   ;
;     -- ADDRESS_REG_B                      ; CLOCK1                                              ;
;     -- OUTDATA_REG_B                      ; UNREGISTERED                                        ;
;     -- RAM_BLOCK_TYPE                     ; AUTO                                                ;
;     -- READ_DURING_WRITE_MODE_MIXED_PORTS ; DONT_CARE                                           ;
+-------------------------------------------+-----------------------------------------------------+


+---------------------------------------------------------------------------------------------------------------------------+
; Analysis & Elaboration Settings                                                                                           ;
+---------------------------------------------------------------------------------+--------------------+--------------------+
; Option                                                                          ; Setting            ; Default Value      ;
+---------------------------------------------------------------------------------+--------------------+--------------------+
; Device                                                                          ; 5CSEMA5F31C6       ;                    ;
; Top-level entity name                                                           ; top_pwm_test       ; mixed-iir-filter   ;
; Family name                                                                     ; Cyclone V          ; Cyclone V          ;
; Use smart compilation                                                           ; Off                ; Off                ;
; Enable parallel Assembler and Timing Analyzer during compilation                ; On                 ; On                 ;
; Enable compact report table                                                     ; Off                ; Off                ;
; Restructure Multiplexers                                                        ; Auto               ; Auto               ;
; MLAB Add Timing Constraints For Mixed-Port Feed-Through Mode Setting Don't Care ; Off                ; Off                ;
; Create Debugging Nodes for IP Cores                                             ; Off                ; Off                ;
; Preserve fewer node names                                                       ; On                 ; On                 ;
; Intel FPGA IP Evaluation Mode                                                   ; Enable             ; Enable             ;
; Verilog Version                                                                 ; Verilog_2001       ; Verilog_2001       ;
; VHDL Version                                                                    ; VHDL_1993          ; VHDL_1993          ;
; State Machine Processing                                                        ; Auto               ; Auto               ;
; Safe State Machine                                                              ; Off                ; Off                ;
; Extract Verilog State Machines                                                  ; On                 ; On                 ;
; Extract VHDL State Machines                                                     ; On                 ; On                 ;
; Ignore Verilog initial constructs                                               ; Off                ; Off                ;
; Iteration limit for constant Verilog loops                                      ; 5000               ; 5000               ;
; Iteration limit for non-constant Verilog loops                                  ; 250                ; 250                ;
; Add Pass-Through Logic to Inferred RAMs                                         ; On                 ; On                 ;
; Infer RAMs from Raw Logic                                                       ; On                 ; On                 ;
; Parallel Synthesis                                                              ; On                 ; On                 ;
; DSP Block Balancing                                                             ; Auto               ; Auto               ;
; NOT Gate Push-Back                                                              ; On                 ; On                 ;
; Power-Up Don't Care                                                             ; On                 ; On                 ;
; Remove Redundant Logic Cells                                                    ; Off                ; Off                ;
; Remove Duplicate Registers                                                      ; On                 ; On                 ;
; Ignore CARRY Buffers                                                            ; Off                ; Off                ;
; Ignore CASCADE Buffers                                                          ; Off                ; Off                ;
; Ignore GLOBAL Buffers                                                           ; Off                ; Off                ;
; Ignore ROW GLOBAL Buffers                                                       ; Off                ; Off                ;
; Ignore LCELL Buffers                                                            ; Off                ; Off                ;
; Ignore SOFT Buffers                                                             ; On                 ; On                 ;
; Limit AHDL Integers to 32 Bits                                                  ; Off                ; Off                ;
; Optimization Technique                                                          ; Balanced           ; Balanced           ;
; Carry Chain Length                                                              ; 70                 ; 70                 ;
; Auto Carry Chains                                                               ; On                 ; On                 ;
; Auto Open-Drain Pins                                                            ; On                 ; On                 ;
; Perform WYSIWYG Primitive Resynthesis                                           ; Off                ; Off                ;
; Auto ROM Replacement                                                            ; On                 ; On                 ;
; Auto RAM Replacement                                                            ; On                 ; On                 ;
; Auto DSP Block Replacement                                                      ; On                 ; On                 ;
; Auto Shift Register Replacement                                                 ; Auto               ; Auto               ;
; Allow Shift Register Merging across Hierarchies                                 ; Auto               ; Auto               ;
; Auto Clock Enable Replacement                                                   ; On                 ; On                 ;
; Strict RAM Replacement                                                          ; Off                ; Off                ;
; Allow Synchronous Control Signals                                               ; On                 ; On                 ;
; Force Use of Synchronous Clear Signals                                          ; Off                ; Off                ;
; Auto Resource Sharing                                                           ; Off                ; Off                ;
; Allow Any RAM Size For Recognition                                              ; Off                ; Off                ;
; Allow Any ROM Size For Recognition                                              ; Off                ; Off                ;
; Allow Any Shift Register Size For Recognition                                   ; Off                ; Off                ;
; Use LogicLock Constraints during Resource Balancing                             ; On                 ; On                 ;
; Ignore translate_off and synthesis_off directives                               ; Off                ; Off                ;
; Timing-Driven Synthesis                                                         ; On                 ; On                 ;
; Report Parameter Settings                                                       ; On                 ; On                 ;
; Report Source Assignments                                                       ; On                 ; On                 ;
; Report Connectivity Checks                                                      ; On                 ; On                 ;
; Ignore Maximum Fan-Out Assignments                                              ; Off                ; Off                ;
; Synchronization Register Chain Length                                           ; 3                  ; 3                  ;
; Power Optimization During Synthesis                                             ; Normal compilation ; Normal compilation ;
; HDL message level                                                               ; Level2             ; Level2             ;
; Suppress Register Optimization Related Messages                                 ; Off                ; Off                ;
; Number of Removed Registers Reported in Synthesis Report                        ; 5000               ; 5000               ;
; Number of Swept Nodes Reported in Synthesis Report                              ; 5000               ; 5000               ;
; Number of Inverted Registers Reported in Synthesis Report                       ; 100                ; 100                ;
; Clock MUX Protection                                                            ; On                 ; On                 ;
; Auto Gated Clock Conversion                                                     ; Off                ; Off                ;
; Block Design Naming                                                             ; Auto               ; Auto               ;
; SDC constraint protection                                                       ; Off                ; Off                ;
; Synthesis Effort                                                                ; Auto               ; Auto               ;
; Shift Register Replacement - Allow Asynchronous Clear Signal                    ; On                 ; On                 ;
; Pre-Mapping Resynthesis Optimization                                            ; Off                ; Off                ;
; Analysis & Synthesis Message Level                                              ; Medium             ; Medium             ;
; Disable Register Merging Across Hierarchies                                     ; Auto               ; Auto               ;
; Resource Aware Inference For Block RAM                                          ; On                 ; On                 ;
; Automatic Parallel Synthesis                                                    ; On                 ; On                 ;
; Partial Reconfiguration Bitstream ID                                            ; Off                ; Off                ;
+---------------------------------------------------------------------------------+--------------------+--------------------+


+----------------------------------------------------------------------------------------------------------------------+
; Port Connectivity Checks: "top_pwm:DUT|filter:HighPass"                                                              ;
+------------+--------+----------+-------------------------------------------------------------------------------------+
; Port       ; Type   ; Severity ; Details                                                                             ;
+------------+--------+----------+-------------------------------------------------------------------------------------+
; x[31..23]  ; Input  ; Info     ; Stuck at GND                                                                        ;
; a1[15..14] ; Input  ; Info     ; Stuck at VCC                                                                        ;
; a1[12..11] ; Input  ; Info     ; Stuck at VCC                                                                        ;
; a1[30..16] ; Input  ; Info     ; Stuck at GND                                                                        ;
; a1[4..3]   ; Input  ; Info     ; Stuck at GND                                                                        ;
; a1[31]     ; Input  ; Info     ; Stuck at VCC                                                                        ;
; a1[13]     ; Input  ; Info     ; Stuck at GND                                                                        ;
; a1[10]     ; Input  ; Info     ; Stuck at GND                                                                        ;
; a1[9]      ; Input  ; Info     ; Stuck at VCC                                                                        ;
; a1[8]      ; Input  ; Info     ; Stuck at GND                                                                        ;
; a1[7]      ; Input  ; Info     ; Stuck at VCC                                                                        ;
; a1[6]      ; Input  ; Info     ; Stuck at GND                                                                        ;
; a1[5]      ; Input  ; Info     ; Stuck at VCC                                                                        ;
; a1[2]      ; Input  ; Info     ; Stuck at VCC                                                                        ;
; a1[1]      ; Input  ; Info     ; Stuck at GND                                                                        ;
; a1[0]      ; Input  ; Info     ; Stuck at VCC                                                                        ;
; b0[15..13] ; Input  ; Info     ; Stuck at VCC                                                                        ;
; b0[11..10] ; Input  ; Info     ; Stuck at VCC                                                                        ;
; b0[31..16] ; Input  ; Info     ; Stuck at GND                                                                        ;
; b0[3..2]   ; Input  ; Info     ; Stuck at GND                                                                        ;
; b0[12]     ; Input  ; Info     ; Stuck at GND                                                                        ;
; b0[9]      ; Input  ; Info     ; Stuck at GND                                                                        ;
; b0[8]      ; Input  ; Info     ; Stuck at VCC                                                                        ;
; b0[7]      ; Input  ; Info     ; Stuck at GND                                                                        ;
; b0[6]      ; Input  ; Info     ; Stuck at VCC                                                                        ;
; b0[5]      ; Input  ; Info     ; Stuck at GND                                                                        ;
; b0[4]      ; Input  ; Info     ; Stuck at VCC                                                                        ;
; b0[1]      ; Input  ; Info     ; Stuck at VCC                                                                        ;
; b0[0]      ; Input  ; Info     ; Stuck at GND                                                                        ;
; b1[15..13] ; Input  ; Info     ; Stuck at VCC                                                                        ;
; b1[11..10] ; Input  ; Info     ; Stuck at VCC                                                                        ;
; b1[30..16] ; Input  ; Info     ; Stuck at GND                                                                        ;
; b1[3..2]   ; Input  ; Info     ; Stuck at GND                                                                        ;
; b1[31]     ; Input  ; Info     ; Stuck at VCC                                                                        ;
; b1[12]     ; Input  ; Info     ; Stuck at GND                                                                        ;
; b1[9]      ; Input  ; Info     ; Stuck at GND                                                                        ;
; b1[8]      ; Input  ; Info     ; Stuck at VCC                                                                        ;
; b1[7]      ; Input  ; Info     ; Stuck at GND                                                                        ;
; b1[6]      ; Input  ; Info     ; Stuck at VCC                                                                        ;
; b1[5]      ; Input  ; Info     ; Stuck at GND                                                                        ;
; b1[4]      ; Input  ; Info     ; Stuck at VCC                                                                        ;
; b1[1]      ; Input  ; Info     ; Stuck at VCC                                                                        ;
; b1[0]      ; Input  ; Info     ; Stuck at GND                                                                        ;
; y[31..19]  ; Output ; Info     ; Connected to dangling logic. Logic that only feeds a dangling port will be removed. ;
; y[12..0]   ; Output ; Info     ; Connected to dangling logic. Logic that only feeds a dangling port will be removed. ;
+------------+--------+----------+-------------------------------------------------------------------------------------+


+---------------------------------------------------------------------+
; Port Connectivity Checks: "top_pwm:DUT|filter:LowPass|adder:Adder3" ;
+----------------+-------+----------+---------------------------------+
; Port           ; Type  ; Severity ; Details                         ;
+----------------+-------+----------+---------------------------------+
; inputB[31..18] ; Input ; Info     ; Stuck at GND                    ;
; inputB[14..0]  ; Input ; Info     ; Stuck at GND                    ;
; inputB[17]     ; Input ; Info     ; Stuck at VCC                    ;
; inputB[16]     ; Input ; Info     ; Stuck at GND                    ;
; inputB[15]     ; Input ; Info     ; Stuck at VCC                    ;
+----------------+-------+----------+---------------------------------+


+---------------------------------------------------------------------+
; Port Connectivity Checks: "top_pwm:DUT|filter:LowPass|adder:Adder0" ;
+----------------+-------+----------+---------------------------------+
; Port           ; Type  ; Severity ; Details                         ;
+----------------+-------+----------+---------------------------------+
; inputB[30..18] ; Input ; Info     ; Stuck at GND                    ;
; inputB[14..0]  ; Input ; Info     ; Stuck at GND                    ;
; inputB[31]     ; Input ; Info     ; Stuck at VCC                    ;
; inputB[17]     ; Input ; Info     ; Stuck at VCC                    ;
; inputB[16]     ; Input ; Info     ; Stuck at GND                    ;
; inputB[15]     ; Input ; Info     ; Stuck at VCC                    ;
+----------------+-------+----------+---------------------------------+


+----------------------------------------------------------------------------------------------------------------------+
; Port Connectivity Checks: "top_pwm:DUT|filter:LowPass"                                                               ;
+------------+--------+----------+-------------------------------------------------------------------------------------+
; Port       ; Type   ; Severity ; Details                                                                             ;
+------------+--------+----------+-------------------------------------------------------------------------------------+
; x[31..23]  ; Input  ; Info     ; Stuck at GND                                                                        ;
; a1[15..10] ; Input  ; Info     ; Stuck at VCC                                                                        ;
; a1[30..16] ; Input  ; Info     ; Stuck at GND                                                                        ;
; a1[9..2]   ; Input  ; Info     ; Stuck at GND                                                                        ;
; a1[31]     ; Input  ; Info     ; Stuck at VCC                                                                        ;
; a1[1]      ; Input  ; Info     ; Stuck at VCC                                                                        ;
; a1[0]      ; Input  ; Info     ; Stuck at GND                                                                        ;
; b0[8..1]   ; Input  ; Info     ; Stuck at VCC                                                                        ;
; b0[31..9]  ; Input  ; Info     ; Stuck at GND                                                                        ;
; b0[0]      ; Input  ; Info     ; Stuck at GND                                                                        ;
; b1[8..1]   ; Input  ; Info     ; Stuck at VCC                                                                        ;
; b1[31..9]  ; Input  ; Info     ; Stuck at GND                                                                        ;
; b1[0]      ; Input  ; Info     ; Stuck at GND                                                                        ;
; y[31..19]  ; Output ; Info     ; Connected to dangling logic. Logic that only feeds a dangling port will be removed. ;
; y[12..0]   ; Output ; Info     ; Connected to dangling logic. Logic that only feeds a dangling port will be removed. ;
+------------+--------+----------+-------------------------------------------------------------------------------------+


+-------------------------------------------------------------------------------------------------------------------------+
; Port Connectivity Checks: "top_pwm:DUT"                                                                                 ;
+---------------+--------+----------+-------------------------------------------------------------------------------------+
; Port          ; Type   ; Severity ; Details                                                                             ;
+---------------+--------+----------+-------------------------------------------------------------------------------------+
; low_pass_pwm  ; Output ; Info     ; Connected to dangling logic. Logic that only feeds a dangling port will be removed. ;
; high_pass_pwm ; Output ; Info     ; Connected to dangling logic. Logic that only feeds a dangling port will be removed. ;
+---------------+--------+----------+-------------------------------------------------------------------------------------+


+---------------------------------+
; Analysis & Elaboration Messages ;
+---------------------------------+
Info: *******************************************************************
Info: Running Quartus Prime Analysis & Elaboration
    Info: Version 20.1.0 Build 711 06/05/2020 SJ Lite Edition
    Info: Processing started: Wed Aug 05 02:43:35 2020
Info: Command: quartus_map --read_settings_files=on --write_settings_files=off mixed-iir-filter -c mixed-iir-filter --analysis_and_elaboration
Warning (18236): Number of processors has not been specified which may cause overloading on shared machines.  Set the global assignment NUM_PARALLEL_PROCESSORS in your QSF to an appropriate value for best performance.
Info (20030): Parallel compilation is enabled and will use 16 of the 16 processors detected
Info (12021): Found 1 design units, including 1 entities, in source file /mixed-iir-filter/modules/pwm_test.sv
    Info (12023): Found entity 1: pwm_test File: A:/mixed-iir-filter/modules/pwm_test.sv Line: 2
Info (12021): Found 1 design units, including 1 entities, in source file /mixed-iir-filter/modules/pwm.sv
    Info (12023): Found entity 1: pwm File: A:/mixed-iir-filter/modules/pwm.sv Line: 1
Info (12021): Found 1 design units, including 1 entities, in source file /mixed-iir-filter/modules/top_test.sv
    Info (12023): Found entity 1: top_test File: A:/mixed-iir-filter/modules/top_test.sv Line: 3
Info (12021): Found 1 design units, including 1 entities, in source file /mixed-iir-filter/modules/top.sv
    Info (12023): Found entity 1: top File: A:/mixed-iir-filter/modules/top.sv Line: 1
Info (12021): Found 1 design units, including 1 entities, in source file /mixed-iir-filter/modules/rom.v
    Info (12023): Found entity 1: rom File: A:/mixed-iir-filter/modules/rom.v Line: 40
Info (12021): Found 1 design units, including 1 entities, in source file /mixed-iir-filter/modules/multiply_test.sv
    Info (12023): Found entity 1: multiply_test File: A:/mixed-iir-filter/modules/multiply_test.sv Line: 1
Info (12021): Found 1 design units, including 1 entities, in source file /mixed-iir-filter/modules/multiply.sv
    Info (12023): Found entity 1: multiply File: A:/mixed-iir-filter/modules/multiply.sv Line: 1
Info (12021): Found 1 design units, including 1 entities, in source file /mixed-iir-filter/modules/filter_test.sv
    Info (12023): Found entity 1: filter_test File: A:/mixed-iir-filter/modules/filter_test.sv Line: 1
Info (12021): Found 1 design units, including 1 entities, in source file /mixed-iir-filter/modules/filter.sv
    Info (12023): Found entity 1: filter File: A:/mixed-iir-filter/modules/filter.sv Line: 1
Info (12021): Found 1 design units, including 1 entities, in source file /mixed-iir-filter/modules/adder_test.sv
    Info (12023): Found entity 1: adder_test File: A:/mixed-iir-filter/modules/adder_test.sv Line: 1
Info (12021): Found 1 design units, including 1 entities, in source file /mixed-iir-filter/modules/adder.sv
    Info (12023): Found entity 1: adder File: A:/mixed-iir-filter/modules/adder.sv Line: 1
Info (12021): Found 1 design units, including 1 entities, in source file /mixed-iir-filter/modules/top_pwm.sv
    Info (12023): Found entity 1: top_pwm File: A:/mixed-iir-filter/modules/top_pwm.sv Line: 1
Info (12021): Found 1 design units, including 1 entities, in source file /mixed-iir-filter/modules/top_pwm_test.sv
    Info (12023): Found entity 1: top_pwm_test File: A:/mixed-iir-filter/modules/top_pwm_test.sv Line: 3
Info (12127): Elaborating entity "top_pwm_test" for the top level hierarchy
Warning (10175): Verilog HDL warning at top_pwm_test.sv(12): ignoring unsupported system task File: A:/mixed-iir-filter/modules/top_pwm_test.sv Line: 12
Warning (10755): Verilog HDL warning at top_pwm_test.sv(25): assignments to clk create a combinational loop File: A:/mixed-iir-filter/modules/top_pwm_test.sv Line: 25
Warning (10175): Verilog HDL warning at top_pwm_test.sv(31): ignoring unsupported system task File: A:/mixed-iir-filter/modules/top_pwm_test.sv Line: 31
Warning (10175): Verilog HDL warning at top_pwm_test.sv(32): ignoring unsupported system task File: A:/mixed-iir-filter/modules/top_pwm_test.sv Line: 32
Warning (10175): Verilog HDL warning at top_pwm_test.sv(36): ignoring unsupported system task File: A:/mixed-iir-filter/modules/top_pwm_test.sv Line: 36
Warning (10175): Verilog HDL warning at top_pwm_test.sv(37): ignoring unsupported system task File: A:/mixed-iir-filter/modules/top_pwm_test.sv Line: 37
Info (12128): Elaborating entity "top_pwm" for hierarchy "top_pwm:DUT" File: A:/mixed-iir-filter/modules/top_pwm_test.sv Line: 7
Info (12128): Elaborating entity "rom" for hierarchy "top_pwm:DUT|rom:ROM" File: A:/mixed-iir-filter/modules/top_pwm.sv Line: 10
Info (12128): Elaborating entity "altsyncram" for hierarchy "top_pwm:DUT|rom:ROM|altsyncram:altsyncram_component" File: A:/mixed-iir-filter/modules/rom.v Line: 82
Info (12130): Elaborated megafunction instantiation "top_pwm:DUT|rom:ROM|altsyncram:altsyncram_component" File: A:/mixed-iir-filter/modules/rom.v Line: 82
Info (12133): Instantiated megafunction "top_pwm:DUT|rom:ROM|altsyncram:altsyncram_component" with the following parameter: File: A:/mixed-iir-filter/modules/rom.v Line: 82
    Info (12134): Parameter "address_aclr_a" = "NONE"
    Info (12134): Parameter "clock_enable_input_a" = "BYPASS"
    Info (12134): Parameter "clock_enable_output_a" = "BYPASS"
    Info (12134): Parameter "init_file" = "A:/mixed-iir-filter/multisim/Acondicionamiento.mif"
    Info (12134): Parameter "intended_device_family" = "Cyclone V"
    Info (12134): Parameter "lpm_hint" = "ENABLE_RUNTIME_MOD=NO"
    Info (12134): Parameter "lpm_type" = "altsyncram"
    Info (12134): Parameter "numwords_a" = "20000"
    Info (12134): Parameter "operation_mode" = "ROM"
    Info (12134): Parameter "outdata_aclr_a" = "NONE"
    Info (12134): Parameter "outdata_reg_a" = "UNREGISTERED"
    Info (12134): Parameter "widthad_a" = "15"
    Info (12134): Parameter "width_a" = "23"
    Info (12134): Parameter "width_byteena_a" = "1"
Info (12021): Found 1 design units, including 1 entities, in source file db/altsyncram_g5k1.tdf
    Info (12023): Found entity 1: altsyncram_g5k1 File: A:/mixed-iir-filter/quartus_project/db/altsyncram_g5k1.tdf Line: 32
Info (12128): Elaborating entity "altsyncram_g5k1" for hierarchy "top_pwm:DUT|rom:ROM|altsyncram:altsyncram_component|altsyncram_g5k1:auto_generated" File: c:/intelfpga_lite/20.1/quartus/libraries/megafunctions/altsyncram.tdf Line: 792
Info (12021): Found 1 design units, including 1 entities, in source file db/decode_01a.tdf
    Info (12023): Found entity 1: decode_01a File: A:/mixed-iir-filter/quartus_project/db/decode_01a.tdf Line: 23
Info (12128): Elaborating entity "decode_01a" for hierarchy "top_pwm:DUT|rom:ROM|altsyncram:altsyncram_component|altsyncram_g5k1:auto_generated|decode_01a:rden_decode" File: A:/mixed-iir-filter/quartus_project/db/altsyncram_g5k1.tdf Line: 40
Info (12021): Found 1 design units, including 1 entities, in source file db/mux_4hb.tdf
    Info (12023): Found entity 1: mux_4hb File: A:/mixed-iir-filter/quartus_project/db/mux_4hb.tdf Line: 23
Info (12128): Elaborating entity "mux_4hb" for hierarchy "top_pwm:DUT|rom:ROM|altsyncram:altsyncram_component|altsyncram_g5k1:auto_generated|mux_4hb:mux2" File: A:/mixed-iir-filter/quartus_project/db/altsyncram_g5k1.tdf Line: 41
Info (12128): Elaborating entity "filter" for hierarchy "top_pwm:DUT|filter:LowPass" File: A:/mixed-iir-filter/modules/top_pwm.sv Line: 12
Info (12128): Elaborating entity "adder" for hierarchy "top_pwm:DUT|filter:LowPass|adder:Adder0" File: A:/mixed-iir-filter/modules/filter.sv Line: 7
Info (12128): Elaborating entity "multiply" for hierarchy "top_pwm:DUT|filter:LowPass|multiply:Multiply1" File: A:/mixed-iir-filter/modules/filter.sv Line: 9
Info (12128): Elaborating entity "pwm" for hierarchy "top_pwm:DUT|pwm:LowPWM" File: A:/mixed-iir-filter/modules/top_pwm.sv Line: 15
Warning (10230): Verilog HDL assignment warning at pwm.sv(16): truncated value with size 32 to match size of target (6) File: A:/mixed-iir-filter/modules/pwm.sv Line: 16
Warning (12011): Net is missing source, defaulting to GND
    Warning (12110): Net "clk" is missing source, defaulting to GND File: A:/mixed-iir-filter/modules/top_pwm_test.sv Line: 5
Info: Quartus Prime Analysis & Elaboration was successful. 0 errors, 10 warnings
    Info: Peak virtual memory: 4782 megabytes
    Info: Processing ended: Wed Aug 05 02:43:48 2020
    Info: Elapsed time: 00:00:13
    Info: Total CPU time (on all processors): 00:00:33


